-526238853743
-61029588119
-6593333
-5456345
-2118154
-199423
-99462
-65589
-59243
-53914
-4967
-391
-299
-101
-81
-80
-28
-26
-16
0
0
6
21
24
31
44
48
55
55
55
59
80
100
325
325
492
625
768
932
2350
5921
12220
85996
870302
8922529
36243476
92018678
4935623498
10009324237
586249001834
